[INFO] Scanning for projects...
[INFO] 
[INFO] ----------------------< com.app:carecart-backend >----------------------
[INFO] Building carecart-backend 1.0-SNAPSHOT
[INFO]   from pom.xml
[INFO] --------------------------------[ war ]---------------------------------
[INFO] 
[INFO] --- resources:3.2.0:resources (default-resources) @ carecart-backend ---
[INFO] Using 'UTF-8' encoding to copy filtered resources.
[INFO] Using 'UTF-8' encoding to copy filtered properties files.
[INFO] Copying 1 resource
[INFO] Copying 2 resources
[INFO] 
[INFO] --- compiler:3.10.1:compile (default-compile) @ carecart-backend ---
[INFO] Changes detected - recompiling the module!
[INFO] Compiling 52 source files to D:\MTech_CSE\2nd_Semester\MDBMS\carecart\backend\target\classes
[INFO] /D:/MTech_CSE/2nd_Semester/MDBMS/carecart/backend/src/main/java/com/app/servlet/OrderServlet.java: D:\MTech_CSE\2nd_Semester\MDBMS\carecart\backend\src\main\java\com\app\servlet\OrderServlet.java uses or overrides a deprecated API.
[INFO] /D:/MTech_CSE/2nd_Semester/MDBMS/carecart/backend/src/main/java/com/app/servlet/OrderServlet.java: Recompile with -Xlint:deprecation for details.
[INFO] /D:/MTech_CSE/2nd_Semester/MDBMS/carecart/backend/src/main/java/com/app/servlet/UserServlet.java: Some input files use unchecked or unsafe operations.
[INFO] /D:/MTech_CSE/2nd_Semester/MDBMS/carecart/backend/src/main/java/com/app/servlet/UserServlet.java: Recompile with -Xlint:unchecked for details.
[INFO] ------------------------------------------------------------------------
[INFO] BUILD SUCCESS
[INFO] ------------------------------------------------------------------------
[INFO] Total time:  7.376 s
[INFO] Finished at: 2026-03-25T07:59:42+05:30
[INFO] ------------------------------------------------------------------------
